Microchip MPLAB XC8 Compiler V2.31

Linker command line:

-W-3 --edf=C:\Program Files\Microchip\xc8\v2.31\pic\dat\en_msgs.txt -cn \
  -h+dist/default/debug\TrafficLight.X.debug.sym \
  --cmf=dist/default/debug\TrafficLight.X.debug.cmf -z -Q12F509 \
  -oC:\Users\STANIS~1\AppData\Local\Temp\s4ho.2 --defsym=__MPLAB_BUILD=1 \
  -Mdist/default/debug/TrafficLight.X.debug.map -E1 -ver=XC8 Compiler \
  --acfsm=1493 -ASTACK=030h-03Fh -pstack=STACK -ACODE=00h-01FFh,0200h-03FEh \
  -ASTRCODE=00h-03FEh -ASTRING=00h-0FFh,0200h-02FFh \
  -AENTRY=00h-0FFh-01FFh,0200h-02FFh-03FEh -ACOMMON=07h-0Fh \
  -ABANK0=010h-01Fh -ABANK1=030h-03Fh -ARAM=010h-01Fh,030h-03Fh \
  -AABS1=07h-01Fh,030h-03Fh -ASFR0=00h-0Fh -ASFR1=020h-02Fh \
  -ACONFIG=0FFFh-0FFFh -DCONFIG=2 -AIDLOC=0400h-0403h -DIDLOC=2 -DCODE=2 \
  -DSTRCODE=2 -DSTRING=2 -DCONST=2 -DENTRY=2 \
  -preset_vec=03ffh,reset_wrap=0h,init,end_init,cinit,clrtext \
  -ppowerup=CODE -pfunctab=ENTRY -pstrings=-STRING -k \
  C:\Users\STANIS~1\AppData\Local\Temp\s4ho.o \
  dist/default/debug\TrafficLight.X.debug.o 

Object code version is 3.11

Machine type is 12F509



                Name                               Link     Load   Length Selector   Space Scale
C:\Users\STANIS~1\AppData\Local\Temp\s4ho.o
                end_init                              0        0        2        0       0
                reset_vec                           3FF      3FF        1      7FE       0
                config                              FFF      FFF        1        0       4
dist/default/debug\TrafficLight.X.debug.o
                cinit                                 2        2        3        0       0
                config                              FFF      FFF        1        0       4
                text3                               16B      16B        5      2D6       0
                text2                               17E      17E       11      2FC       0
                jmp_tab                               5        5        6        0       0
                text1                               170      170        E      2E0       0
                maintext                            18F      18F       71      31E       0
                cstackCOMMON                          7        7        1        7       1
                cstackBANK0                          10       10        B       10       1

TOTAL           Name                               Link     Load   Length     Space
        CLASS   STACK          

        CLASS   CODE           
                reset_vec                           3FF      3FF        1         0
                text3                               16B      16B        5         0
                text2                               17E      17E       11         0
                text1                               170      170        E         0
                maintext                            18F      18F       71         0

        CLASS   STRCODE        

        CLASS   STRING         

        CLASS   ENTRY          
                end_init                              0        0        2         0
                cinit                                 2        2        3         0
                jmp_tab                               5        5        6         0

        CLASS   COMMON         
                cstackCOMMON                          7        7        1         1

        CLASS   BANK0          
                cstackBANK0                          10       10        B         1

        CLASS   BANK1          

        CLASS   RAM            

        CLASS   ABS1           
                abs_s1                                8        8        8         1

        CLASS   SFR0           

        CLASS   SFR1           

        CLASS   CONFIG         
                config                              FFF      FFF        1         4

        CLASS   IDLOC          

        CLASS   CONST          



SEGMENTS        Name                           Load    Length   Top    Selector   Space  Class     Delta

                reset_wrap                     000000  00000B  00000B         0       0  ENTRY       2
                cstackCOMMON                   000007  000001  000008         7       1  COMMON      1
                cstackBANK0                    000010  00000B  00001B        10       1  BANK0       1
                text3                          00016B  000005  000170       2D6       0  CODE        2
                text1                          000170  00000E  00017E       2E0       0  CODE        2
                text2                          00017E  000011  00018F       2FC       0  CODE        2
                maintext                       00018F  000071  000200       31E       0  CODE        2
                reset_vec                      0003FF  000001  000400       7FE       0  CODE        2


UNUSED ADDRESS RANGES

        Name                Unused          Largest block    Delta
        BANK0            001B-001F              5           1
        BANK1            0030-003F             10           1
        CODE             000B-016A            160           2
                         0200-03FE            1FF
        ENTRY            000B-00FF+006B         F5           2
                         0200-02FF+00FF        100
        IDLOC            0400-0403              4           2
        RAM              001B-001F              5           1
                         0030-003F             10
        SFR0             0000-0006              7           1
        SFR1             0020-002F             10           1
        STACK            0030-003F             10           1
        STRCODE          000B-016A            160           2
                         0200-03FE            1FF
        STRING           000B-00FF             F5           2
                         0200-02FF            100

                                  Symbol Table

_GPIObits                (abs)        0006
_OPTION                  (abs)        0000
_TMR0                    (abs)        0001
_TRIS                    (abs)        0006
__Habs1                  abs1         0000
__Hbank0                 bank0        0000
__Hbank1                 bank1        0000
__Hcinit                 cinit        0005
__Hclrtext               clrtext      0005
__Hcode                  code         0000
__Hcommon                common       0000
__Hconfig                config       1000
__HcstackBANK0           cstackBANK0  0000
__HcstackCOMMON          cstackCOMMON 0000
__Hend_init              end_init     0002
__Hfunctab               functab      0000
__Hinit                  init         0000
__Hjmp_tab               jmp_tab      0000
__Hmaintext              maintext     0000
__Hpowerup               powerup      0000
__Hram                   ram          0000
__Hreset_vec             reset_vec    0400
__Hreset_wrap            reset_wrap   0000
__Hsfr0                  sfr0         0000
__Hsfr1                  sfr1         0000
__Hspace_0               (abs)        0400
__Hspace_1               (abs)        001B
__Hspace_2               (abs)        0000
__Hspace_4               (abs)        1FFF
__Hstack                 stack        0000
__Hstrings               strings      0000
__Htext                  text         0000
__Labs1                  abs1         0000
__Lbank0                 bank0        0000
__Lbank1                 bank1        0000
__Lcinit                 cinit        0002
__Lclrtext               clrtext      0005
__Lcode                  code         0000
__Lcommon                common       0000
__Lconfig                config       0000
__LcstackBANK0           cstackBANK0  0000
__LcstackCOMMON          cstackCOMMON 0000
__Lend_init              end_init     0000
__Lfunctab               functab      0000
__Linit                  init         0000
__Ljmp_tab               jmp_tab      0000
__Lmaintext              maintext     0000
__Lpowerup               powerup      0000
__Lram                   ram          0000
__Lreset_vec             reset_vec    03FF
__Lreset_wrap            reset_wrap   0000
__Lsfr0                  sfr0         0000
__Lsfr1                  sfr1         0000
__Lspace_0               (abs)        0000
__Lspace_1               (abs)        0000
__Lspace_2               (abs)        0000
__Lspace_4               (abs)        0000
__Lstack                 stack        0000
__Lstrings               strings      0000
__Ltext                  text         0000
__S0                     (abs)        0200
__S1                     (abs)        001B
__S2                     (abs)        0000
___int_sp                stack        0000
___latbits               (abs)        0001
___sp                    stack        0000
___stackhi               (abs)        0000
___stacklo               (abs)        0000
__end_of__initialization cinit        0002
__end_of_debounce        text2        018F
__end_of_init            text3        0170
__end_of_main            maintext     0200
__end_of_standby         text1        017E
__initialization         cinit        0002
__pcstackBANK0           cstackBANK0  0010
__pcstackCOMMON          cstackCOMMON 0007
__pjmp_tab               jmp_tab      0005
__pmaintext              maintext     018F
__ptext1                 text1        0170
__ptext2                 text2        017E
__ptext3                 text3        016B
__size_of_debounce       (abs)        0000
__size_of_init           (abs)        0000
__size_of_main           (abs)        0000
__size_of_standby        (abs)        0000
_debounce                text2        017E
_init                    text3        016B
_main                    maintext     018F
_standby                 text1        0170
btemp                    (abs)        0008
debounce@pin             cstackCOMMON 0007
end_of_initialization    cinit        0002
entry__debounce          jmp_tab      0007
entry__init              jmp_tab      0009
entry__standby           jmp_tab      0005
ltemp0                   (abs)        0008
ltemp1                   (abs)        000C
ltemp3                   (abs)        000A
main@p_cnt               cstackBANK0  0019
main@seconds             cstackBANK0  001A
main@seconds_total       cstackBANK0  0017
reset_vec                reset_vec    03FF
start                    init         0000
start_initialization     cinit        0002
ttemp0                   (abs)        0008
ttemp1                   (abs)        000B
wtemp0                   (abs)        0008
wtemp1                   (abs)        000A
wtemp2                   (abs)        000C
wtemp3                   (abs)        000E


FUNCTION INFORMATION:

 *************** function _main *****************
 Defined at:
		line 55 in file "main.c"
 Parameters:    Size  Location     Type
  argc            2    1[BANK0 ] int 
  argv            2    3[BANK0 ] PTR PTR unsigned char 
 Auto vars:     Size  Location     Type
  p_cnt           1    9[BANK0 ] unsigned char 
  seconds         1   10[BANK0 ] unsigned char 
  seconds_tota    2    7[BANK0 ] unsigned int 
 Return value:  Size  Location     Type
                  2    1[BANK0 ] int 
 Registers used:
		wreg, fsr0l, fsr0h, status,2, status,0, btemp+6, btemp+7, pclath, cstack
 Tracked objects:
		On entry : 
		On exit  : 
		Unchanged: 
 Data sizes:     COMMON   BANK0   BANK1
      Params:         0       4       0
      Locals:         0       4       0
      Temps:          0       2       0
      Totals:         0      10       0
Total ram usage:       10 bytes
 Hardware stack levels required when called:    2
 This function calls:
		_debounce
		_init
		_standby
 This function is called by:
		Startup code after reset
 This function uses a non-reentrant model


 *************** function _standby *****************
 Defined at:
		line 148 in file "main.c"
 Parameters:    Size  Location     Type
		None
 Auto vars:     Size  Location     Type
		None
 Return value:  Size  Location     Type
                  1   10[None  ] void 
 Registers used:
		wreg, fsr0l, fsr0h, status,2, status,0, pclath, cstack
 Tracked objects:
		On entry : 
		On exit  : 
		Unchanged: 
 Data sizes:     COMMON   BANK0   BANK1
      Params:         0       0       0
      Locals:         0       0       0
      Temps:          0       1       0
      Totals:         0       1       0
Total ram usage:        1 bytes
 Hardware stack levels used:    1
 Hardware stack levels required when called:    1
 This function calls:
		_debounce
 This function is called by:
		_main
 This function uses a non-reentrant model


 *************** function _debounce *****************
 Defined at:
		line 136 in file "main.c"
 Parameters:    Size  Location     Type
  pin             1    wreg     unsigned char 
 Auto vars:     Size  Location     Type
  pin             1    0[COMMON] unsigned char 
 Return value:  Size  Location     Type
                  1    4[None  ] void 
 Registers used:
		wreg, fsr0l, fsr0h, status,2, status,0
 Tracked objects:
		On entry : 
		On exit  : 
		Unchanged: 
 Data sizes:     COMMON   BANK0   BANK1
      Params:         0       0       0
      Locals:         1       0       0
      Temps:          0       0       0
      Totals:         1       0       0
Total ram usage:        1 bytes
 Hardware stack levels used:    1
 This function calls:
		Nothing
 This function is called by:
		_main
		_standby
 This function uses a non-reentrant model


 *************** function _init *****************
 Defined at:
		line 106 in file "main.c"
 Parameters:    Size  Location     Type
		None
 Auto vars:     Size  Location     Type
		None
 Return value:  Size  Location     Type
                  1    2[None  ] void 
 Registers used:
		wreg
 Tracked objects:
		On entry : 
		On exit  : 
		Unchanged: 
 Data sizes:     COMMON   BANK0   BANK1
      Params:         0       0       0
      Locals:         0       0       0
      Temps:          0       0       0
      Totals:         0       0       0
Total ram usage:        0 bytes
 Hardware stack levels used:    1
 This function calls:
		Nothing
 This function is called by:
		_main
 This function uses a non-reentrant model



MODULE INFORMATION

Module		Function		Class		Link	Load	Size
shared
		__initialization		ENTRY          	0002	0000	1

shared estimated size: 1

main.c
		_init          		CODE           	016B	0000	5
		_debounce      		CODE           	017E	0000	17
		_main          		CODE           	018F	0000	113
		_standby       		CODE           	0170	0000	14

main.c estimated size: 149

